// Jest Snapshot v1, https://goo.gl/fbAQLP

exports[`Test suite for CardClass component renders the UI as expected 1`] = `
<div
  className="Card"
>
  <h3>
    card-test
  </h3>
  <p>
    a
    b
    c
  </p>
</div>
`;
